// Jest Snapshot v1, https://goo.gl/fbAQLP

exports[`should contain the right information 1`] = `
<div>
  <ul>
    <li>
      <p>
        79.5
      </p>
    </li>
    <li>
      <p>
        69.4
      </p>
    </li>
    <li>
      <p>
        67.3
      </p>
    </li>
    <li>
      <p>
        69.4
      </p>
    </li>
    <li>
      <p>
        75.4
      </p>
    </li>
    <li>
      <p>
        73.1
      </p>
    </li>
    <li>
      <p>
        71.5
      </p>
    </li>
    <li>
      <p>
        67.7
      </p>
    </li>
    <li>
      <p>
        74.4
      </p>
    </li>
    <li>
      <p>
        77.8
      </p>
    </li>
    <li>
      <p>
        77.2
      </p>
    </li>
    <li>
      <p>
        70.9
      </p>
    </li>
    <li>
      <p>
        66.5
      </p>
    </li>
    <li>
      <p>
        66
      </p>
    </li>
    <li>
      <p>
        79.3
      </p>
    </li>
    <li>
      <p>
        66.7
      </p>
    </li>
    <li>
      <p>
        77.2
      </p>
    </li>
    <li>
      <p>
        69
      </p>
    </li>
    <li>
      <p>
        79.6
      </p>
    </li>
    <li>
      <p>
        73.1
      </p>
    </li>
    <li>
      <p>
        79
      </p>
    </li>
    <li>
      <p>
        65.4
      </p>
    </li>
    <li>
      <p>
        73
      </p>
    </li>
    <li>
      <p>
        70.8
      </p>
    </li>
    <li>
      <p>
        77.4
      </p>
    </li>
    <li>
      <p>
        71.7
      </p>
    </li>
    <li>
      <p>
        71
      </p>
    </li>
    <li>
      <p>
        66.5
      </p>
    </li>
    <li>
      <p>
        71.3
      </p>
    </li>
    <li>
      <p>
        75.8
      </p>
    </li>
    <li>
      <p>
        66.4
      </p>
    </li>
    <li>
      <p>
        78.7
      </p>
    </li>
    <li>
      <p>
        77.3
      </p>
    </li>
    <li>
      <p>
        79.5
      </p>
    </li>
    <li>
      <p>
        66.6
      </p>
    </li>
    <li>
      <p>
        71.8
      </p>
    </li>
    <li>
      <p>
        70
      </p>
    </li>
    <li>
      <p>
        77.2
      </p>
    </li>
    <li>
      <p>
        71
      </p>
    </li>
    <li>
      <p>
        66.5
      </p>
    </li>
    <li>
      <p>
        70.4
      </p>
    </li>
    <li>
      <p>
        77
      </p>
    </li>
    <li>
      <p>
        78.2
      </p>
    </li>
    <li>
      <p>
        66.5
      </p>
    </li>
    <li>
      <p>
        75.2
      </p>
    </li>
    <li>
      <p>
        65.8
      </p>
    </li>
    <li>
      <p>
        73.6
      </p>
    </li>
    <li>
      <p>
        71.9
      </p>
    </li>
    <li>
      <p>
        70.4
      </p>
    </li>
    <li>
      <p>
        79.8
      </p>
    </li>
    <li>
      <p>
        76.3
      </p>
    </li>
    <li>
      <p>
        73.8
      </p>
    </li>
    <li>
      <p>
        79.1
      </p>
    </li>
    <li>
      <p>
        73.8
      </p>
    </li>
    <li>
      <p>
        71.7
      </p>
    </li>
    <li>
      <p>
        68.4
      </p>
    </li>
    <li>
      <p>
        76.3
      </p>
    </li>
    <li>
      <p>
        73.9
      </p>
    </li>
    <li>
      <p>
        73.2
      </p>
    </li>
    <li>
      <p>
        77
      </p>
    </li>
    <li>
      <p>
        77.9
      </p>
    </li>
    <li>
      <p>
        78
      </p>
    </li>
    <li>
      <p>
        69.1
      </p>
    </li>
    <li>
      <p>
        69.2
      </p>
    </li>
    <li>
      <p>
        77
      </p>
    </li>
    <li>
      <p>
        69.8
      </p>
    </li>
    <li>
      <p>
        72.3
      </p>
    </li>
    <li>
      <p>
        67.8
      </p>
    </li>
    <li>
      <p>
        65.9
      </p>
    </li>
    <li>
      <p>
        70.1
      </p>
    </li>
    <li>
      <p>
        75.6
      </p>
    </li>
    <li>
      <p>
        74.8
      </p>
    </li>
    <li>
      <p>
        74.6
      </p>
    </li>
    <li>
      <p>
        69.9
      </p>
    </li>
    <li>
      <p>
        78.9
      </p>
    </li>
    <li>
      <p>
        69.2
      </p>
    </li>
    <li>
      <p>
        77.1
      </p>
    </li>
    <li>
      <p>
        77.8
      </p>
    </li>
    <li>
      <p>
        72.1
      </p>
    </li>
    <li>
      <p>
        76
      </p>
    </li>
    <li>
      <p>
        78.2
      </p>
    </li>
    <li>
      <p>
        66.2
      </p>
    </li>
    <li>
      <p>
        68
      </p>
    </li>
    <li>
      <p>
        76.2
      </p>
    </li>
    <li>
      <p>
        75.1
      </p>
    </li>
    <li>
      <p>
        79.9
      </p>
    </li>
    <li>
      <p>
        78.5
      </p>
    </li>
    <li>
      <p>
        73
      </p>
    </li>
    <li>
      <p>
        70.1
      </p>
    </li>
    <li>
      <p>
        67.4
      </p>
    </li>
    <li>
      <p>
        72.1
      </p>
    </li>
    <li>
      <p>
        77.7
      </p>
    </li>
    <li>
      <p>
        66.2
      </p>
    </li>
    <li>
      <p>
        67.7
      </p>
    </li>
    <li>
      <p>
        67.8
      </p>
    </li>
    <li>
      <p>
        66.4
      </p>
    </li>
    <li>
      <p>
        69.1
      </p>
    </li>
    <li>
      <p>
        69.3
      </p>
    </li>
    <li>
      <p>
        66.8
      </p>
    </li>
    <li>
      <p>
        65.1
      </p>
    </li>
    <li>
      <p>
        72.1
      </p>
    </li>
    <li>
      <p>
        70.1
      </p>
    </li>
    <li>
      <p>
        67.6
      </p>
    </li>
    <li>
      <p>
        76.7
      </p>
    </li>
    <li>
      <p>
        71.5
      </p>
    </li>
    <li>
      <p>
        73.3
      </p>
    </li>
    <li>
      <p>
        79.6
      </p>
    </li>
    <li>
      <p>
        79.8
      </p>
    </li>
    <li>
      <p>
        75
      </p>
    </li>
    <li>
      <p>
        72.8
      </p>
    </li>
    <li>
      <p>
        70.3
      </p>
    </li>
    <li>
      <p>
        70.1
      </p>
    </li>
    <li>
      <p>
        73.8
      </p>
    </li>
    <li>
      <p>
        72.4
      </p>
    </li>
    <li>
      <p>
        72.9
      </p>
    </li>
    <li>
      <p>
        79.3
      </p>
    </li>
    <li>
      <p>
        69.8
      </p>
    </li>
    <li>
      <p>
        68.9
      </p>
    </li>
    <li>
      <p>
        75.9
      </p>
    </li>
    <li>
      <p>
        77.8
      </p>
    </li>
    <li>
      <p>
        68.7
      </p>
    </li>
    <li>
      <p>
        78.5
      </p>
    </li>
    <li>
      <p>
        73.5
      </p>
    </li>
    <li>
      <p>
        77.9
      </p>
    </li>
    <li>
      <p>
        77.8
      </p>
    </li>
    <li>
      <p>
        75.8
      </p>
    </li>
    <li>
      <p>
        72.7
      </p>
    </li>
    <li>
      <p>
        78.8
      </p>
    </li>
    <li>
      <p>
        72
      </p>
    </li>
    <li>
      <p>
        66.2
      </p>
    </li>
    <li>
      <p>
        77.7
      </p>
    </li>
    <li>
      <p>
        67.8
      </p>
    </li>
    <li>
      <p>
        78.5
      </p>
    </li>
    <li>
      <p>
        65.9
      </p>
    </li>
    <li>
      <p>
        78.9
      </p>
    </li>
    <li>
      <p>
        66.7
      </p>
    </li>
    <li>
      <p>
        75.6
      </p>
    </li>
    <li>
      <p>
        69.8
      </p>
    </li>
    <li>
      <p>
        74.8
      </p>
    </li>
    <li>
      <p>
        79.9
      </p>
    </li>
    <li>
      <p>
        78.3
      </p>
    </li>
    <li>
      <p>
        65
      </p>
    </li>
    <li>
      <p>
        78.2
      </p>
    </li>
    <li>
      <p>
        76.9
      </p>
    </li>
    <li>
      <p>
        68.7
      </p>
    </li>
    <li>
      <p>
        74.1
      </p>
    </li>
    <li>
      <p>
        78.6
      </p>
    </li>
    <li>
      <p>
        65
      </p>
    </li>
    <li>
      <p>
        72.8
      </p>
    </li>
    <li>
      <p>
        72.1
      </p>
    </li>
    <li>
      <p>
        71.1
      </p>
    </li>
    <li>
      <p>
        67.2
      </p>
    </li>
    <li>
      <p>
        70.2
      </p>
    </li>
    <li>
      <p>
        79.6
      </p>
    </li>
    <li>
      <p>
        68.2
      </p>
    </li>
    <li>
      <p>
        73.1
      </p>
    </li>
    <li>
      <p>
        65.2
      </p>
    </li>
    <li>
      <p>
        78.1
      </p>
    </li>
    <li>
      <p>
        75.1
      </p>
    </li>
    <li>
      <p>
        74.2
      </p>
    </li>
    <li>
      <p>
        69.4
      </p>
    </li>
    <li>
      <p>
        67.9
      </p>
    </li>
    <li>
      <p>
        76.8
      </p>
    </li>
    <li>
      <p>
        77.9
      </p>
    </li>
    <li>
      <p>
        73.7
      </p>
    </li>
    <li>
      <p>
        68.2
      </p>
    </li>
    <li>
      <p>
        75.4
      </p>
    </li>
    <li>
      <p>
        69.9
      </p>
    </li>
    <li>
      <p>
        70.4
      </p>
    </li>
    <li>
      <p>
        75.2
      </p>
    </li>
    <li>
      <p>
        66.5
      </p>
    </li>
    <li>
      <p>
        67
      </p>
    </li>
    <li>
      <p>
        70.4
      </p>
    </li>
    <li>
      <p>
        78.1
      </p>
    </li>
    <li>
      <p>
        73.8
      </p>
    </li>
    <li>
      <p>
        78.3
      </p>
    </li>
    <li>
      <p>
        70.4
      </p>
    </li>
    <li>
      <p>
        71.8
      </p>
    </li>
    <li>
      <p>
        76.7
      </p>
    </li>
    <li>
      <p>
        74.7
      </p>
    </li>
    <li>
      <p>
        79.5
      </p>
    </li>
    <li>
      <p>
        70.9
      </p>
    </li>
    <li>
      <p>
        69.3
      </p>
    </li>
    <li>
      <p>
        70.5
      </p>
    </li>
    <li>
      <p>
        79.3
      </p>
    </li>
    <li>
      <p>
        65.9
      </p>
    </li>
    <li>
      <p>
        68.7
      </p>
    </li>
    <li>
      <p>
        74.9
      </p>
    </li>
    <li>
      <p>
        73.2
      </p>
    </li>
    <li>
      <p>
        65.8
      </p>
    </li>
    <li>
      <p>
        69.1
      </p>
    </li>
    <li>
      <p>
        72.6
      </p>
    </li>
    <li>
      <p>
        79.8
      </p>
    </li>
    <li>
      <p>
        69
      </p>
    </li>
    <li>
      <p>
        67
      </p>
    </li>
    <li>
      <p>
        70.6
      </p>
    </li>
    <li>
      <p>
        71.8
      </p>
    </li>
    <li>
      <p>
        71.8
      </p>
    </li>
    <li>
      <p>
        65.7
      </p>
    </li>
    <li>
      <p>
        70.3
      </p>
    </li>
    <li>
      <p>
        76.8
      </p>
    </li>
    <li>
      <p>
        67.9
      </p>
    </li>
    <li>
      <p>
        67.3
      </p>
    </li>
    <li>
      <p>
        70.5
      </p>
    </li>
    <li>
      <p>
        66.9
      </p>
    </li>
    <li>
      <p>
        74
      </p>
    </li>
    <li>
      <p>
        75.6
      </p>
    </li>
    <li>
      <p>
        73.5
      </p>
    </li>
    <li>
      <p>
        71.8
      </p>
    </li>
    <li>
      <p>
        66.8
      </p>
    </li>
    <li>
      <p>
        75.8
      </p>
    </li>
    <li>
      <p>
        73.2
      </p>
    </li>
    <li>
      <p>
        66.6
      </p>
    </li>
    <li>
      <p>
        75.9
      </p>
    </li>
    <li>
      <p>
        76.5
      </p>
    </li>
    <li>
      <p>
        67.9
      </p>
    </li>
    <li>
      <p>
        66.1
      </p>
    </li>
    <li>
      <p>
        77.6
      </p>
    </li>
    <li>
      <p>
        79.9
      </p>
    </li>
    <li>
      <p>
        74.4
      </p>
    </li>
    <li>
      <p>
        68.7
      </p>
    </li>
    <li>
      <p>
        74.7
      </p>
    </li>
    <li>
      <p>
        72
      </p>
    </li>
    <li>
      <p>
        76.3
      </p>
    </li>
    <li>
      <p>
        73.2
      </p>
    </li>
    <li>
      <p>
        67.8
      </p>
    </li>
    <li>
      <p>
        72.4
      </p>
    </li>
    <li>
      <p>
        77.1
      </p>
    </li>
    <li>
      <p>
        69.4
      </p>
    </li>
    <li>
      <p>
        69.8
      </p>
    </li>
    <li>
      <p>
        69.3
      </p>
    </li>
    <li>
      <p>
        65.1
      </p>
    </li>
    <li>
      <p>
        68.6
      </p>
    </li>
    <li>
      <p>
        71.5
      </p>
    </li>
    <li>
      <p>
        71.7
      </p>
    </li>
    <li>
      <p>
        68.3
      </p>
    </li>
    <li>
      <p>
        70.7
      </p>
    </li>
    <li>
      <p>
        67.9
      </p>
    </li>
    <li>
      <p>
        74.1
      </p>
    </li>
    <li>
      <p>
        75.8
      </p>
    </li>
    <li>
      <p>
        68.7
      </p>
    </li>
    <li>
      <p>
        67.9
      </p>
    </li>
    <li>
      <p>
        77.2
      </p>
    </li>
    <li>
      <p>
        67.6
      </p>
    </li>
    <li>
      <p>
        73.8
      </p>
    </li>
    <li>
      <p>
        71.5
      </p>
    </li>
    <li>
      <p>
        68.3
      </p>
    </li>
    <li>
      <p>
        69.9
      </p>
    </li>
    <li>
      <p>
        68.2
      </p>
    </li>
    <li>
      <p>
        79.9
      </p>
    </li>
    <li>
      <p>
        78.6
      </p>
    </li>
    <li>
      <p>
        69.7
      </p>
    </li>
    <li>
      <p>
        73.9
      </p>
    </li>
    <li>
      <p>
        71
      </p>
    </li>
    <li>
      <p>
        75.6
      </p>
    </li>
    <li>
      <p>
        79.2
      </p>
    </li>
    <li>
      <p>
        72.5
      </p>
    </li>
    <li>
      <p>
        65.3
      </p>
    </li>
    <li>
      <p>
        77.7
      </p>
    </li>
    <li>
      <p>
        76.6
      </p>
    </li>
    <li>
      <p>
        71.1
      </p>
    </li>
    <li>
      <p>
        69.5
      </p>
    </li>
    <li>
      <p>
        71.7
      </p>
    </li>
    <li>
      <p>
        72.5
      </p>
    </li>
    <li>
      <p>
        70.1
      </p>
    </li>
    <li>
      <p>
        69.4
      </p>
    </li>
    <li>
      <p>
        74.7
      </p>
    </li>
    <li>
      <p>
        79.9
      </p>
    </li>
    <li>
      <p>
        66.7
      </p>
    </li>
    <li>
      <p>
        75.1
      </p>
    </li>
    <li>
      <p>
        70.1
      </p>
    </li>
    <li>
      <p>
        72.4
      </p>
    </li>
    <li>
      <p>
        75.7
      </p>
    </li>
    <li>
      <p>
        68.8
      </p>
    </li>
    <li>
      <p>
        69.9
      </p>
    </li>
    <li>
      <p>
        78
      </p>
    </li>
    <li>
      <p>
        80
      </p>
    </li>
    <li>
      <p>
        69.1
      </p>
    </li>
    <li>
      <p>
        69.4
      </p>
    </li>
    <li>
      <p>
        66.5
      </p>
    </li>
    <li>
      <p>
        73.4
      </p>
    </li>
    <li>
      <p>
        69.2
      </p>
    </li>
    <li>
      <p>
        65.9
      </p>
    </li>
    <li>
      <p>
        74
      </p>
    </li>
    <li>
      <p>
        74.1
      </p>
    </li>
    <li>
      <p>
        72.8
      </p>
    </li>
    <li>
      <p>
        72.7
      </p>
    </li>
    <li>
      <p>
        75.2
      </p>
    </li>
    <li>
      <p>
        72.3
      </p>
    </li>
    <li>
      <p>
        70.4
      </p>
    </li>
    <li>
      <p>
        79.6
      </p>
    </li>
    <li>
      <p>
        66.1
      </p>
    </li>
    <li>
      <p>
        70.7
      </p>
    </li>
    <li>
      <p>
        69.2
      </p>
    </li>
    <li>
      <p>
        70.2
      </p>
    </li>
    <li>
      <p>
        78
      </p>
    </li>
    <li>
      <p>
        74.5
      </p>
    </li>
    <li>
      <p>
        66.6
      </p>
    </li>
    <li>
      <p>
        70.4
      </p>
    </li>
    <li>
      <p>
        68.9
      </p>
    </li>
    <li>
      <p>
        72.9
      </p>
    </li>
    <li>
      <p>
        70.4
      </p>
    </li>
    <li>
      <p>
        74.7
      </p>
    </li>
    <li>
      <p>
        78.8
      </p>
    </li>
    <li>
      <p>
        74.7
      </p>
    </li>
    <li>
      <p>
        73.5
      </p>
    </li>
    <li>
      <p>
        66.7
      </p>
    </li>
    <li>
      <p>
        73.4
      </p>
    </li>
    <li>
      <p>
        68.8
      </p>
    </li>
    <li>
      <p>
        68.3
      </p>
    </li>
    <li>
      <p>
        65.9
      </p>
    </li>
    <li>
      <p>
        75.6
      </p>
    </li>
    <li>
      <p>
        69.7
      </p>
    </li>
    <li>
      <p>
        78.1
      </p>
    </li>
    <li>
      <p>
        69.6
      </p>
    </li>
    <li>
      <p>
        67.6
      </p>
    </li>
    <li>
      <p>
        79
      </p>
    </li>
    <li>
      <p>
        75.2
      </p>
    </li>
    <li>
      <p>
        71.7
      </p>
    </li>
    <li>
      <p>
        78.7
      </p>
    </li>
    <li>
      <p>
        75.9
      </p>
    </li>
    <li>
      <p>
        73.1
      </p>
    </li>
    <li>
      <p>
        71.5
      </p>
    </li>
    <li>
      <p>
        67.7
      </p>
    </li>
    <li>
      <p>
        65.5
      </p>
    </li>
    <li>
      <p>
        75.5
      </p>
    </li>
    <li>
      <p>
        71.8
      </p>
    </li>
    <li>
      <p>
        77.6
      </p>
    </li>
    <li>
      <p>
        73
      </p>
    </li>
    <li>
      <p>
        77.1
      </p>
    </li>
    <li>
      <p>
        71.7
      </p>
    </li>
    <li>
      <p>
        65.6
      </p>
    </li>
    <li>
      <p>
        79.6
      </p>
    </li>
    <li>
      <p>
        67.9
      </p>
    </li>
    <li>
      <p>
        68.8
      </p>
    </li>
    <li>
      <p>
        77.4
      </p>
    </li>
    <li>
      <p>
        77.4
      </p>
    </li>
    <li>
      <p>
        69.3
      </p>
    </li>
    <li>
      <p>
        69.3
      </p>
    </li>
    <li>
      <p>
        77.9
      </p>
    </li>
    <li>
      <p>
        65.3
      </p>
    </li>
    <li>
      <p>
        75
      </p>
    </li>
    <li>
      <p>
        76.7
      </p>
    </li>
    <li>
      <p>
        77.7
      </p>
    </li>
    <li>
      <p>
        70.8
      </p>
    </li>
    <li>
      <p>
        72.8
      </p>
    </li>
    <li>
      <p>
        73.5
      </p>
    </li>
    <li>
      <p>
        70.9
      </p>
    </li>
    <li>
      <p>
        71.1
      </p>
    </li>
    <li>
      <p>
        77.6
      </p>
    </li>
    <li>
      <p>
        76.4
      </p>
    </li>
    <li>
      <p>
        73.4
      </p>
    </li>
    <li>
      <p>
        72.2
      </p>
    </li>
    <li>
      <p>
        78.8
      </p>
    </li>
    <li>
      <p>
        76.6
      </p>
    </li>
    <li>
      <p>
        79.5
      </p>
    </li>
    <li>
      <p>
        68
      </p>
    </li>
    <li>
      <p>
        76.1
      </p>
    </li>
    <li>
      <p>
        75.5
      </p>
    </li>
    <li>
      <p>
        68.1
      </p>
    </li>
    <li>
      <p>
        76.1
      </p>
    </li>
    <li>
      <p>
        68.9
      </p>
    </li>
    <li>
      <p>
        79.2
      </p>
    </li>
    <li>
      <p>
        68
      </p>
    </li>
    <li>
      <p>
        65.3
      </p>
    </li>
    <li>
      <p>
        76.8
      </p>
    </li>
    <li>
      <p>
        69.7
      </p>
    </li>
    <li>
      <p>
        77
      </p>
    </li>
    <li>
      <p>
        71.7
      </p>
    </li>
    <li>
      <p>
        68
      </p>
    </li>
    <li>
      <p>
        75.9
      </p>
    </li>
    <li>
      <p>
        74.8
      </p>
    </li>
    <li>
      <p>
        70.8
      </p>
    </li>
    <li>
      <p>
        75.8
      </p>
    </li>
    <li>
      <p>
        72
      </p>
    </li>
    <li>
      <p>
        65.3
      </p>
    </li>
    <li>
      <p>
        70.4
      </p>
    </li>
    <li>
      <p>
        72.1
      </p>
    </li>
    <li>
      <p>
        65
      </p>
    </li>
    <li>
      <p>
        67.8
      </p>
    </li>
    <li>
      <p>
        74.4
      </p>
    </li>
    <li>
      <p>
        71.6
      </p>
    </li>
    <li>
      <p>
        79.3
      </p>
    </li>
    <li>
      <p>
        68.1
      </p>
    </li>
    <li>
      <p>
        74
      </p>
    </li>
    <li>
      <p>
        75.2
      </p>
    </li>
    <li>
      <p>
        77.4
      </p>
    </li>
    <li>
      <p>
        66.7
      </p>
    </li>
    <li>
      <p>
        73.2
      </p>
    </li>
    <li>
      <p>
        65.7
      </p>
    </li>
    <li>
      <p>
        67.7
      </p>
    </li>
    <li>
      <p>
        67.1
      </p>
    </li>
    <li>
      <p>
        76.9
      </p>
    </li>
    <li>
      <p>
        76
      </p>
    </li>
    <li>
      <p>
        76
      </p>
    </li>
    <li>
      <p>
        78.4
      </p>
    </li>
    <li>
      <p>
        68.3
      </p>
    </li>
    <li>
      <p>
        71.4
      </p>
    </li>
    <li>
      <p>
        68.1
      </p>
    </li>
    <li>
      <p>
        65.4
      </p>
    </li>
    <li>
      <p>
        70.1
      </p>
    </li>
    <li>
      <p>
        67.2
      </p>
    </li>
    <li>
      <p>
        76.5
      </p>
    </li>
    <li>
      <p>
        79
      </p>
    </li>
    <li>
      <p>
        68.2
      </p>
    </li>
    <li>
      <p>
        77.1
      </p>
    </li>
    <li>
      <p>
        65.3
      </p>
    </li>
    <li>
      <p>
        78.5
      </p>
    </li>
    <li>
      <p>
        68
      </p>
    </li>
    <li>
      <p>
        73.7
      </p>
    </li>
    <li>
      <p>
        67.3
      </p>
    </li>
    <li>
      <p>
        79.9
      </p>
    </li>
    <li>
      <p>
        74.4
      </p>
    </li>
    <li>
      <p>
        70
      </p>
    </li>
    <li>
      <p>
        73.1
      </p>
    </li>
    <li>
      <p>
        75.5
      </p>
    </li>
    <li>
      <p>
        69.3
      </p>
    </li>
    <li>
      <p>
        65.1
      </p>
    </li>
    <li>
      <p>
        72.5
      </p>
    </li>
    <li>
      <p>
        75.8
      </p>
    </li>
    <li>
      <p>
        73.3
      </p>
    </li>
    <li>
      <p>
        77.5
      </p>
    </li>
    <li>
      <p>
        78
      </p>
    </li>
    <li>
      <p>
        71
      </p>
    </li>
    <li>
      <p>
        66.4
      </p>
    </li>
    <li>
      <p>
        72.1
      </p>
    </li>
    <li>
      <p>
        74
      </p>
    </li>
    <li>
      <p>
        74.6
      </p>
    </li>
    <li>
      <p>
        65.5
      </p>
    </li>
    <li>
      <p>
        67.7
      </p>
    </li>
    <li>
      <p>
        74.1
      </p>
    </li>
    <li>
      <p>
        72.8
      </p>
    </li>
    <li>
      <p>
        79.6
      </p>
    </li>
    <li>
      <p>
        66.5
      </p>
    </li>
    <li>
      <p>
        73.6
      </p>
    </li>
    <li>
      <p>
        70
      </p>
    </li>
    <li>
      <p>
        73.2
      </p>
    </li>
    <li>
      <p>
        73.9
      </p>
    </li>
    <li>
      <p>
        69.5
      </p>
    </li>
    <li>
      <p>
        78.7
      </p>
    </li>
    <li>
      <p>
        74.9
      </p>
    </li>
    <li>
      <p>
        78.5
      </p>
    </li>
    <li>
      <p>
        66.4
      </p>
    </li>
    <li>
      <p>
        72
      </p>
    </li>
    <li>
      <p>
        65.7
      </p>
    </li>
    <li>
      <p>
        70
      </p>
    </li>
    <li>
      <p>
        78
      </p>
    </li>
    <li>
      <p>
        65.6
      </p>
    </li>
    <li>
      <p>
        79.3
      </p>
    </li>
    <li>
      <p>
        73.4
      </p>
    </li>
    <li>
      <p>
        71.1
      </p>
    </li>
    <li>
      <p>
        75.4
      </p>
    </li>
    <li>
      <p>
        75.2
      </p>
    </li>
    <li>
      <p>
        72.1
      </p>
    </li>
    <li>
      <p>
        65.2
      </p>
    </li>
    <li>
      <p>
        71.5
      </p>
    </li>
    <li>
      <p>
        65.5
      </p>
    </li>
    <li>
      <p>
        75.2
      </p>
    </li>
    <li>
      <p>
        79.5
      </p>
    </li>
    <li>
      <p>
        73.8
      </p>
    </li>
    <li>
      <p>
        73
      </p>
    </li>
    <li>
      <p>
        72.2
      </p>
    </li>
    <li>
      <p>
        71.1
      </p>
    </li>
    <li>
      <p>
        77.2
      </p>
    </li>
    <li>
      <p>
        70.6
      </p>
    </li>
    <li>
      <p>
        77.3
      </p>
    </li>
    <li>
      <p>
        78.8
      </p>
    </li>
    <li>
      <p>
        70.2
      </p>
    </li>
    <li>
      <p>
        65
      </p>
    </li>
    <li>
      <p>
        67.4
      </p>
    </li>
    <li>
      <p>
        66.3
      </p>
    </li>
    <li>
      <p>
        79.5
      </p>
    </li>
    <li>
      <p>
        74.3
      </p>
    </li>
    <li>
      <p>
        69.5
      </p>
    </li>
    <li>
      <p>
        73
      </p>
    </li>
    <li>
      <p>
        65.7
      </p>
    </li>
    <li>
      <p>
        77.3
      </p>
    </li>
    <li>
      <p>
        70.5
      </p>
    </li>
    <li>
      <p>
        65.8
      </p>
    </li>
    <li>
      <p>
        69.1
      </p>
    </li>
    <li>
      <p>
        69.8
      </p>
    </li>
    <li>
      <p>
        75.2
      </p>
    </li>
    <li>
      <p>
        74.3
      </p>
    </li>
    <li>
      <p>
        76.1
      </p>
    </li>
    <li>
      <p>
        79.5
      </p>
    </li>
    <li>
      <p>
        68.6
      </p>
    </li>
    <li>
      <p>
        69.7
      </p>
    </li>
    <li>
      <p>
        78.7
      </p>
    </li>
    <li>
      <p>
        65.5
      </p>
    </li>
    <li>
      <p>
        77.1
      </p>
    </li>
    <li>
      <p>
        68.7
      </p>
    </li>
    <li>
      <p>
        66
      </p>
    </li>
    <li>
      <p>
        68.3
      </p>
    </li>
    <li>
      <p>
        69.7
      </p>
    </li>
    <li>
      <p>
        72.5
      </p>
    </li>
    <li>
      <p>
        69.7
      </p>
    </li>
    <li>
      <p>
        69.8
      </p>
    </li>
    <li>
      <p>
        76.7
      </p>
    </li>
    <li>
      <p>
        65.2
      </p>
    </li>
    <li>
      <p>
        77.3
      </p>
    </li>
    <li>
      <p>
        65.5
      </p>
    </li>
    <li>
      <p>
        78.2
      </p>
    </li>
    <li>
      <p>
        74.6
      </p>
    </li>
    <li>
      <p>
        73.8
      </p>
    </li>
    <li>
      <p>
        67.9
      </p>
    </li>
    <li>
      <p>
        80
      </p>
    </li>
    <li>
      <p>
        74.5
      </p>
    </li>
    <li>
      <p>
        65.7
      </p>
    </li>
    <li>
      <p>
        66.8
      </p>
    </li>
    <li>
      <p>
        77
      </p>
    </li>
    <li>
      <p>
        70.6
      </p>
    </li>
    <li>
      <p>
        69.9
      </p>
    </li>
    <li>
      <p>
        67.8
      </p>
    </li>
    <li>
      <p>
        65.8
      </p>
    </li>
    <li>
      <p>
        74.1
      </p>
    </li>
    <li>
      <p>
        67.9
      </p>
    </li>
    <li>
      <p>
        67.5
      </p>
    </li>
    <li>
      <p>
        77.2
      </p>
    </li>
    <li>
      <p>
        69.9
      </p>
    </li>
    <li>
      <p>
        67.2
      </p>
    </li>
  </ul>
</div>
`;
